uv run python tools/verify_ticket.py F02

=== check: just check
uv run ruff format --check .
46 files already formatted
uv run ruff check .
All checks passed!
uv run mypy
Success: no issues found in 42 source files
uv run python -m alpha_contracts.export --check
contract schemas up to date (5 files)
pnpm --filter @alpha/contracts check

> @alpha/contracts@0.2.0 check /Users/kenil/Desktop/dev/alpha/alpha-platform/packages/contracts
> node generate.mjs --check

contract TypeScript up to date (5 files)
pnpm --filter @alpha/desktop typecheck

> @alpha/desktop@0.1.0 typecheck /Users/kenil/Desktop/dev/alpha/alpha-platform/apps/desktop
> tsc --noEmit -p tsconfig.json

uv run pytest packages/contracts services/core -q
.............                                                            [100%]
13 passed in 0.06s
=== check: exit 0

=== test-core: just test-core
uv run pytest packages/contracts services/core -q
.............                                                            [100%]
13 passed in 0.06s
=== test-core: exit 0

=== test-builds: uv run pytest tests/integration/test_builds.py -q -m integration
..........                                                               [100%]
10 passed in 12.78s
=== test-builds: exit 0

=== required checks for F02 (from task_state.json; helper-audited bookkeeping)
  F02.C01   live_model   passed   (live_model evidence required)
  F02.C02   integration  passed   (automated here)
  F02.C03   native       passed   (native evidence required)
  F02.C04   integration  passed   (automated here)
  Note: native/live/rendered/review/user checks are not run by this command.
  Live check command (explicit opt-in): just qualify-builder  (opt-in live route; see docs/development/decisions)

verify-ticket F02: automated checks passed
exit=0
