uv run python tools/verify_ticket.py F07

=== check: just check
uv run ruff format --check .
141 files already formatted
uv run ruff check .
All checks passed!
uv run mypy
Success: no issues found in 117 source files
uv run python -m alpha_contracts.export --check
contract schemas up to date (22 files)
pnpm --filter @alpha/contracts check

> @alpha/contracts@0.2.0 check /Users/kenil/Desktop/dev/alpha/alpha-platform/packages/contracts
> node generate.mjs --check

contract TypeScript up to date (22 files)
pnpm --filter @alpha/ui-bridge typecheck

> @alpha/ui-bridge@0.2.0 typecheck /Users/kenil/Desktop/dev/alpha/alpha-platform/packages/ui-bridge
> tsc --noEmit -p tsconfig.json

pnpm --filter @alpha/ui-kit typecheck

> @alpha/ui-kit@0.1.0 typecheck /Users/kenil/Desktop/dev/alpha/alpha-platform/packages/ui-kit
> tsc --noEmit -p tsconfig.json

pnpm --filter @alpha/ui-compositions typecheck

> @alpha/ui-compositions@0.1.0 typecheck /Users/kenil/Desktop/dev/alpha/alpha-platform/tests/ui
> tsc --noEmit -p tsconfig.json

pnpm --filter @alpha/desktop typecheck

> @alpha/desktop@0.1.0 typecheck /Users/kenil/Desktop/dev/alpha/alpha-platform/apps/desktop
> node scripts/build-fixture.mjs && node scripts/build-compositions.mjs && tsc --noEmit -p tsconfig.json

fixture up to date
composition review up to date
composition entry up to date
uv run pytest packages/contracts packages/app-sdk services/core -q
.......................................................................  [100%]
71 passed in 0.23s
=== check: exit 0

=== toolchain-locks: just verify-locks
uv run python tools/verify_locks.py
uv: required 0.12.17, actual 0.12.17
pnpm: required 10.34.5, actual 10.34.5
node: required 24.21.0, actual 24.21.0
python: pinned 3.13.9, running 3.13.9
uv lock --check: exit 0
pnpm install --frozen-lockfile --offline: exit 0
tampered uv.lock --check: exit 2 (expected nonzero)
locks and tool versions verified
=== toolchain-locks: exit 0

=== test-verification: uv run pytest tests/integration/test_candidate_verification.py tests/integration/test_builds.py -q -m integration
.......................................                                  [100%]
39 passed in 133.68s (0:02:13)
=== test-verification: exit 0

=== test-integration-regression: just test-integration
uv run pytest tests/integration tests/ui -q -m integration
........................................................................ [ 56%]
.......................................................                  [100%]
127 passed in 215.20s (0:03:35)
=== test-integration-regression: exit 0

=== required checks for F07 (from task_state.json; helper-audited bookkeeping)
  F07.C01   integration  passed   (automated here)
  F07.C02   rendered_ui  passed   (rendered_ui evidence required)
  F07.C03   live_model   passed   (live_model evidence required)
  F07.C04   integration  passed   (automated here)
  Note: native/live/rendered/review/user checks are not run by this command.
  Live check command (explicit opt-in): just qualify-build repair | limit | generate  (opt-in live builder route)

verify-ticket F07: automated checks passed
