uv run python tools/verify_ticket.py F08

=== check: just check
uv run ruff format --check .
149 files already formatted
uv run ruff check .
All checks passed!
uv run mypy
Success: no issues found in 124 source files
uv run python -m alpha_contracts.export --check
contract schemas up to date (22 files)
pnpm --filter @alpha/contracts check

> @alpha/contracts@0.2.0 check /Users/kenil/Desktop/dev/alpha/alpha-platform/packages/contracts
> node generate.mjs --check

contract TypeScript up to date (22 files)
pnpm --filter @alpha/ui-bridge typecheck

> @alpha/ui-bridge@0.2.0 typecheck /Users/kenil/Desktop/dev/alpha/alpha-platform/packages/ui-bridge
> tsc --noEmit -p tsconfig.json

pnpm --filter @alpha/ui-kit typecheck

> @alpha/ui-kit@0.1.0 typecheck /Users/kenil/Desktop/dev/alpha/alpha-platform/packages/ui-kit
> tsc --noEmit -p tsconfig.json

pnpm --filter @alpha/ui-compositions typecheck

> @alpha/ui-compositions@0.1.0 typecheck /Users/kenil/Desktop/dev/alpha/alpha-platform/tests/ui
> tsc --noEmit -p tsconfig.json

pnpm --filter @alpha/desktop typecheck

> @alpha/desktop@0.1.0 typecheck /Users/kenil/Desktop/dev/alpha/alpha-platform/apps/desktop
> node scripts/build-fixture.mjs && node scripts/build-compositions.mjs && tsc --noEmit -p tsconfig.json

fixture up to date
composition review up to date
composition entry up to date
uv run pytest packages/contracts packages/app-sdk services/core -q
........................................................................ [ 92%]
......                                                                   [100%]
78 passed in 0.28s
=== check: exit 0

=== toolchain-locks: just verify-locks
uv run python tools/verify_locks.py
uv: required 0.12.17, actual 0.12.17
pnpm: required 10.34.5, actual 10.34.5
node: required 24.21.0, actual 24.21.0
python: pinned 3.13.9, running 3.13.9
uv lock --check: exit 0
pnpm install --frozen-lockfile --offline: exit 0
tampered uv.lock --check: exit 2 (expected nonzero)
locks and tool versions verified
=== toolchain-locks: exit 0

=== test-ui: just test-ui
pnpm --filter @alpha/ui-bridge test

> @alpha/ui-bridge@0.2.0 test /Users/kenil/Desktop/dev/alpha/alpha-platform/packages/ui-bridge
> vitest run


 RUN  v5.0.2 /Users/kenil/Desktop/dev/alpha/alpha-platform/packages/ui-bridge


 Test Files  1 passed (1)
      Tests  11 passed (11)
   Start at  12:58:27
   Duration  188ms (tests 72%, transform 20%, import 6%, worker 2%)

pnpm --filter @alpha/ui-kit test

> @alpha/ui-kit@0.1.0 test /Users/kenil/Desktop/dev/alpha/alpha-platform/packages/ui-kit
> vitest run


 RUN  v5.0.2 /Users/kenil/Desktop/dev/alpha/alpha-platform/packages/ui-kit


 Test Files  6 passed (6)
      Tests  55 passed (55)
   Start at  12:58:27
   Duration  1.50s (environment 50%, tests 29%, setup 13%, transform 6%, import 3%)

pnpm --filter @alpha/desktop test

> @alpha/desktop@0.1.0 test /Users/kenil/Desktop/dev/alpha/alpha-platform/apps/desktop
> node scripts/build-fixture.mjs && node scripts/build-compositions.mjs && vitest run

fixture up to date
composition review up to date
composition entry up to date

 RUN  v5.0.2 /Users/kenil/Desktop/dev/alpha/alpha-platform/apps/desktop

alpha.main INFO runtime profiles: []
alpha.main INFO exit requested (runtime_quit): interrupted runs [], builds []
alpha.main INFO shutdown: interrupted runs []

 Test Files  7 passed (7)
      Tests  36 passed (36)
   Start at  12:58:29
   Duration  3.42s (tests 52%, environment 32%, setup 9%, transform 5%, import 1%)

=== test-ui: exit 0

=== test-creations: uv run pytest tests/integration/test_creations.py -q -m integration
......                                                                   [100%]
6 passed in 22.17s
=== test-creations: exit 0

=== test-integration-regression: just test-integration
uv run pytest tests/integration tests/ui -q -m integration
........................................................................ [ 54%]
.......................F.....................................            [100%]
=================================== FAILURES ===================================
__________ test_created_results_and_their_data_reopen_after_a_restart __________

data_dir = PosixPath('/private/var/folders/sr/81_5d60n0vn6vyh8pkxhz_vm0000gn/T/pytest-of-kenil/pytest-183/test_created_results_and_their0/alpha-data')
build_profiles = BuildProfiles(root=PosixPath('/private/var/folders/sr/81_5d60n0vn6vyh8pkxhz_vm0000gn/T/pytest-of-kenil/pytest-183/prof...81_5d60n0vn6vyh8pkxhz_vm0000gn/T/pytest-of-kenil/pytest-183/profiles0/uiprof-5a3bad2e0741affeb06b', 'published': True})
build_packages = PosixPath('/private/var/folders/sr/81_5d60n0vn6vyh8pkxhz_vm0000gn/T/pytest-of-kenil/pytest-183/fake-packages0')

    def test_created_results_and_their_data_reopen_after_a_restart(
        data_dir: Path, build_profiles: BuildProfiles, build_packages: Path
    ) -> None:
        core = start_build_core(data_dir, build_profiles.root, build_packages)
        try:
            final = create(core, "Keep a notes list for me, no screen")
            assert final["state"] == "active", final
            app_id = final["app_id"]
            output(core, app_id, "add_note", {"title": "Water the plants"})
            before = detail(core, app_id)
            unfinished = start_creation(core, briefed(core, "Keep a notes list for me"), "hang")
        finally:
            core.stop()
    
        core = start_build_core(data_dir, build_profiles.root, build_packages)
        try:
            after = detail(core, app_id)
            for key in ("app_id", "version_id", "release_id", "package_sha256", "runtime_profile_id"):
                assert after[key] == before[key], key
            assert [n["values"]["title"] for n in notes(core, app_id)] == ["Water the plants"]
            output(core, app_id, "add_note", {"title": "Book the dentist"})
            assert output(core, app_id, "count_notes", {}) == {"count": 2}
    
            with core.client() as client:
                stale = client.get(f"/api/creations/{unfinished['creation_id']}").json()
            assert stale["state"] == "failed"
>           assert stale["failure"]["reason"] == "core_restarted"
E           AssertionError: assert 'runtime_quit' == 'core_restarted'
E             
E             - core_restarted
E             + runtime_quit

tests/integration/test_creations.py:225: AssertionError
=========================== short test summary info ============================
FAILED tests/integration/test_creations.py::test_created_results_and_their_data_reopen_after_a_restart
1 failed, 132 passed in 227.38s (0:03:47)
error: recipe `test-integration` failed on line 52 with exit code 1
=== test-integration-regression: exit 1

verify-ticket F08: FAILED (test-integration-regression)

=== required checks for F08 (from task_state.json; helper-audited bookkeeping)
  F08.C01   live_model   pending  (live_model evidence required)
  F08.C02   rendered_ui  pending  (rendered_ui evidence required)
  F08.C03   integration  pending  (automated here)
  F08.C04   integration  pending  (automated here)
  Note: native/live/rendered/review/user checks are not run by this command.
  Live check command (explicit opt-in): G1 on frozen platform code: evals/g1.py create | use | reopen | share (live routes)
error: recipe `verify-ticket` failed on line 80 with exit code 1
exit 1
