
===== core start 2026-09-26T11:00:59.943522+00:00 =====
alpha.main INFO runtime profiles: [{'profile_id': 'pyprof-391f9ca6e9db5bc54576', 'state': 'ready', 'problems': []}, {'profile_id': 'uiprof-5a3bad2e0741affeb06b', 'state': 'ready', 'problems': []}]
alpha.main INFO exit requested (runtime_quit): interrupted runs [], builds []
alpha.main INFO shutdown: interrupted runs []

===== core start 2026-09-26T11:16:31.678833+00:00 =====
alpha.main INFO runtime profiles: [{'profile_id': 'pyprof-391f9ca6e9db5bc54576', 'state': 'ready', 'problems': []}, {'profile_id': 'uiprof-5a3bad2e0741affeb06b', 'state': 'ready', 'problems': []}]
alpha.main INFO exit requested (runtime_quit): interrupted runs [], builds []
alpha.main INFO shutdown: interrupted runs []

===== core start 2026-09-26T11:17:08.719385+00:00 =====
alpha.main INFO runtime profiles: [{'profile_id': 'pyprof-391f9ca6e9db5bc54576', 'state': 'ready', 'problems': []}, {'profile_id': 'uiprof-5a3bad2e0741affeb06b', 'state': 'ready', 'problems': []}]
alpha.main INFO exit requested (runtime_quit): interrupted runs [], builds []
alpha.main INFO shutdown: interrupted runs []

===== core start 2026-09-26T11:34:00.490613+00:00 =====
alpha.main INFO runtime profiles: [{'profile_id': 'pyprof-391f9ca6e9db5bc54576', 'state': 'ready', 'problems': []}, {'profile_id': 'uiprof-5a3bad2e0741affeb06b', 'state': 'ready', 'problems': []}]
alpha.main INFO exit requested (runtime_quit): interrupted runs [], builds []
alpha.main INFO shutdown: interrupted runs []

===== core start 2026-09-26T11:37:12.545701+00:00 =====
alpha.main INFO runtime profiles: [{'profile_id': 'pyprof-391f9ca6e9db5bc54576', 'state': 'ready', 'problems': []}, {'profile_id': 'uiprof-5a3bad2e0741affeb06b', 'state': 'ready', 'problems': []}]
alpha.main INFO exit requested (runtime_quit): interrupted runs [], builds []
alpha.main INFO shutdown: interrupted runs []

===== core start 2026-09-26T11:37:29.867530+00:00 =====
alpha.main INFO runtime profiles: [{'profile_id': 'pyprof-391f9ca6e9db5bc54576', 'state': 'ready', 'problems': []}, {'profile_id': 'uiprof-5a3bad2e0741affeb06b', 'state': 'ready', 'problems': []}]
alpha.main INFO exit requested (runtime_quit): interrupted runs [], builds []
alpha.main INFO shutdown: interrupted runs []

===== core start 2026-09-26T11:44:30.162948+00:00 =====
alpha.main INFO runtime profiles: [{'profile_id': 'pyprof-391f9ca6e9db5bc54576', 'state': 'ready', 'problems': []}, {'profile_id': 'uiprof-5a3bad2e0741affeb06b', 'state': 'ready', 'problems': []}]
alpha.main INFO exit requested (runtime_quit): interrupted runs [], builds []
alpha.main INFO shutdown: interrupted runs []

===== core start 2026-09-26T11:44:46.889270+00:00 =====
alpha.main INFO runtime profiles: [{'profile_id': 'pyprof-391f9ca6e9db5bc54576', 'state': 'ready', 'problems': []}, {'profile_id': 'uiprof-5a3bad2e0741affeb06b', 'state': 'ready', 'problems': []}]
alpha.main INFO exit requested (runtime_quit): interrupted runs ['run_17098958ac334120a4b63a7f669fc5da'], builds []
alpha.main INFO shutdown: interrupted runs []

===== core start 2026-09-26T11:45:18.838127+00:00 =====
alpha.main INFO runtime profiles: [{'profile_id': 'pyprof-391f9ca6e9db5bc54576', 'state': 'ready', 'problems': []}, {'profile_id': 'uiprof-5a3bad2e0741affeb06b', 'state': 'ready', 'problems': []}]
alpha.main INFO exit requested (runtime_quit): interrupted runs [], builds []
alpha.main INFO shutdown: interrupted runs []

===== core start 2026-09-26T11:45:37.793959+00:00 =====
alpha.main INFO runtime profiles: [{'profile_id': 'pyprof-391f9ca6e9db5bc54576', 'state': 'ready', 'problems': []}, {'profile_id': 'uiprof-5a3bad2e0741affeb06b', 'state': 'ready', 'problems': []}]
alpha.main INFO exit requested (runtime_quit): interrupted runs [], builds []
alpha.main INFO shutdown: interrupted runs []
