      2s  Writing the checks it must pass
     38s  Building it  {'attempt': 1, 'max_attempts': 3, 'checks_run': 0, 'checks_failed': 0}
    623s  Checking that it works  {'attempt': 1, 'max_attempts': 3, 'checks_run': 8, 'checks_failed': 0}
    633s  Building it  {'attempt': 2, 'max_attempts': 3, 'checks_run': 13, 'checks_failed': 3}
Traceback (most recent call last):
  File "/Users/kenil/Desktop/dev/alpha/alpha-g1/.venv/lib/python3.13/site-packages/httpx/_transports/default.py", line 101, in map_httpcore_exceptions
    yield
  File "/Users/kenil/Desktop/dev/alpha/alpha-g1/.venv/lib/python3.13/site-packages/httpx/_transports/default.py", line 250, in handle_request
    resp = self._pool.handle_request(req)
  File "/Users/kenil/Desktop/dev/alpha/alpha-g1/.venv/lib/python3.13/site-packages/httpcore/_sync/connection_pool.py", line 256, in handle_request
    raise exc from None
  File "/Users/kenil/Desktop/dev/alpha/alpha-g1/.venv/lib/python3.13/site-packages/httpcore/_sync/connection_pool.py", line 236, in handle_request
    response = connection.handle_request(
        pool_request.request
    )
  File "/Users/kenil/Desktop/dev/alpha/alpha-g1/.venv/lib/python3.13/site-packages/httpcore/_sync/connection.py", line 101, in handle_request
    raise exc
  File "/Users/kenil/Desktop/dev/alpha/alpha-g1/.venv/lib/python3.13/site-packages/httpcore/_sync/connection.py", line 78, in handle_request
    stream = self._connect(request)
  File "/Users/kenil/Desktop/dev/alpha/alpha-g1/.venv/lib/python3.13/site-packages/httpcore/_sync/connection.py", line 124, in _connect
    stream = self._network_backend.connect_tcp(**kwargs)
  File "/Users/kenil/Desktop/dev/alpha/alpha-g1/.venv/lib/python3.13/site-packages/httpcore/_backends/sync.py", line 207, in connect_tcp
    with map_exceptions(exc_map):
         ~~~~~~~~~~~~~~^^^^^^^^^
  File "/Users/kenil/.local/share/uv/python/cpython-3.13.9-macos-aarch64-none/lib/python3.13/contextlib.py", line 162, in __exit__
    self.gen.throw(value)
    ~~~~~~~~~~~~~~^^^^^^^
  File "/Users/kenil/Desktop/dev/alpha/alpha-g1/.venv/lib/python3.13/site-packages/httpcore/_exceptions.py", line 14, in map_exceptions
    raise to_exc(exc) from exc
httpcore.ConnectError: [Errno 61] Connection refused

The above exception was the direct cause of the following exception:

Traceback (most recent call last):
  File "/Users/kenil/Desktop/dev/alpha/alpha-g1/evals/g1.py", line 672, in <module>
    raise SystemExit(main())
                     ~~~~^^
  File "/Users/kenil/Desktop/dev/alpha/alpha-g1/evals/g1.py", line 667, in main
    return commands[args.command](g1, args)
           ~~~~~~~~~~~~~~~~~~~~~~^^^^^^^^^^
  File "/Users/kenil/Desktop/dev/alpha/alpha-g1/evals/g1.py", line 294, in cmd_create
    creation = client.get(f"/api/creations/{creation['creation_id']}").json()
               ~~~~~~~~~~^^^^^^^^^^^^^^^^^^^^^^^^^^^^^^^^^^^^^^^^^^^^^
  File "/Users/kenil/Desktop/dev/alpha/alpha-g1/.venv/lib/python3.13/site-packages/httpx/_client.py", line 1053, in get
    return self.request(
           ~~~~~~~~~~~~^
        "GET",
        ^^^^^^
    ...<7 lines>...
        extensions=extensions,
        ^^^^^^^^^^^^^^^^^^^^^^
    )
    ^
  File "/Users/kenil/Desktop/dev/alpha/alpha-g1/.venv/lib/python3.13/site-packages/httpx/_client.py", line 825, in request
    return self.send(request, auth=auth, follow_redirects=follow_redirects)
           ~~~~~~~~~^^^^^^^^^^^^^^^^^^^^^^^^^^^^^^^^^^^^^^^^^^^^^^^^^^^^^^^
  File "/Users/kenil/Desktop/dev/alpha/alpha-g1/.venv/lib/python3.13/site-packages/httpx/_client.py", line 914, in send
    response = self._send_handling_auth(
        request,
    ...<2 lines>...
        history=[],
    )
  File "/Users/kenil/Desktop/dev/alpha/alpha-g1/.venv/lib/python3.13/site-packages/httpx/_client.py", line 942, in _send_handling_auth
    response = self._send_handling_redirects(
        request,
        follow_redirects=follow_redirects,
        history=history,
    )
  File "/Users/kenil/Desktop/dev/alpha/alpha-g1/.venv/lib/python3.13/site-packages/httpx/_client.py", line 979, in _send_handling_redirects
    response = self._send_single_request(request)
  File "/Users/kenil/Desktop/dev/alpha/alpha-g1/.venv/lib/python3.13/site-packages/httpx/_client.py", line 1014, in _send_single_request
    response = transport.handle_request(request)
  File "/Users/kenil/Desktop/dev/alpha/alpha-g1/.venv/lib/python3.13/site-packages/httpx/_transports/default.py", line 249, in handle_request
    with map_httpcore_exceptions():
         ~~~~~~~~~~~~~~~~~~~~~~~^^
  File "/Users/kenil/.local/share/uv/python/cpython-3.13.9-macos-aarch64-none/lib/python3.13/contextlib.py", line 162, in __exit__
    self.gen.throw(value)
    ~~~~~~~~~~~~~~^^^^^^^
  File "/Users/kenil/Desktop/dev/alpha/alpha-g1/.venv/lib/python3.13/site-packages/httpx/_transports/default.py", line 118, in map_httpcore_exceptions
    raise mapped_exc(message) from exc
httpx.ConnectError: [Errno 61] Connection refused
